*.DS_Store
wp-job-manager/.babelrc
wp-job-manager/.editorconfig
wp-job-manager/.eslintignore
wp-job-manager/.eslintrc.js
wp-job-manager/.git-blame-ignore-revs
wp-job-manager/.gitignore
wp-job-manager/.jshintrc
wp-job-manager/.prettierrc
wp-job-manager/bin/*
wp-job-manager/build/*
wp-job-manager/composer.*
wp-job-manager/docs/*
wp-job-manager/jest.config.js
wp-job-manager/node_modules/*
wp-job-manager/package-lock.json
wp-job-manager/package.json
wp-job-manager/*.dist
wp-job-manager/.psalm/*
wp-job-manager/psalm.xml
wp-job-manager/scripts/*
wp-job-manager/tests/*
wp-job-manager/lib/usage-tracking/tests
wp-job-manager/.git/*
wp-job-manager/.github/*
wp-job-manager/readme.md
wp-job-manager/assets/dist/css/*.js
wp-job-manager/assets/css/*
wp-job-manager/assets/font/*
wp-job-manager/assets/js/*
wp-job-manager/renovate.json
wp-job-manager/webpack.config.js
wp-job-manager/.husky/*
wp-job-manager/.claude/*
wp-job-manager/.out-of-scope/*
wp-job-manager/.phpunit.result.cache
wp-job-manager/.wp-env.json
wp-job-manager/.wp-env.tests.json
wp-job-manager/blueprint.json
wp-job-manager/Makefile
wp-job-manager/CLAUDE.md
wp-job-manager/AGENTS.md
